$ cre workflow simulate ./collections -T staging-settings --non-interactive --trigger-index 1 --evm-tx-hash 0xf02c45bd4ec1102d8ee4a55ea54e9980c28ddff5e7a4dffd222ca0bbba173002 --evm-event-index 1 --broadcast
# exit 0, 2026-09-28T08:16:20.196Z

Initializing...
Loading settings...
Checking RPC connectivity...
Compiling workflow...
✓ Workflow compiled
✓ Simulation limits enabled
  HTTP: req=120kb resp=250kb timeout=10s | ConfHTTP: req=125kb resp=500kb timeout=1m30s | Consensus obs=25kb | ChainWrite evm_report=50kb evm_gas=10000000 solana_report=265b solana_cu=300000 | WASM binary=100mb compressed=20mb
  Binary hash: 5ffc39f8091dd4ed08a8e52689f7d8868e48240e6ab80590ad3aad98266d0444
  Config hash: 6bcb98ba4afa2eaf80a8efb5f0293def99370dc6373ff375f984ed09ea2a5778
! Secret "POLARIS_CALLBACK_SECRET" uses itself as the env var name — this is fragile and may cause confusion. Consider using a distinct env var name (e.g. "CRE_POLARIS_CALLBACK_SECRET").
Fetching transaction receipt for 0xf02c45bd4ec1102d8ee4a55ea54e9980c28ddff5e7a4dffd222ca0bbba173002...
2026-09-28T13:46:40Z [SIMULATION] Simulator Initialized

2026-09-28T13:46:40Z [SIMULATION] Running trigger trigger=evm:ChainSelector:2183018362218727504@1.0.0
2026-09-28T13:46:40Z [USER LOG] Reauthorized: 0xd1C7858FCAcD8440c84daef461A91BC15352d667 re-signed for 200000152 (tx 0xf02c45bd4ec1102d8ee4a55ea54e9980c28ddff5e7a4dffd222ca0bbba173002, block 66291321)
2026-09-28T13:46:42Z [USER LOG] wrote 1 tasks, gas limit 326965 (estimate 284318), tx 0x1116fbb4b53263776da4c5cc6d7984b66f1d31ac81f35215b5dcf246f1292c4d
2026-09-28T13:46:42Z [USER LOG] collect #1 ok

✓ Workflow Simulation Result:
"{\"status\":\"written\",\"trigger\":{\"kind\":\"log\",\"event\":\"Reauthorized\",\"buyer\":\"0xd1C7858FCAcD8440c84daef461A91BC15352d667\",\"txHash\":\"0xf02c45bd4ec1102d8ee4a55ea54e9980c28ddff5e7a4dffd222ca0bbba173002\",\"logIndex\":47},\"source\":\"event\",\"indexerError\":null,\"note\":null,\"checked\":1,\"tasks\":[{\"action\":\"collect\",\"id\":\"1\"}],\"heldBack\":[],\"txHash\":\"0x1116fbb4b53263776da4c5cc6d7984b66f1d31ac81f35215b5dcf246f1292c4d\",\"gasLimit\":\"326965\",\"executed\":1,\"skipped\":0,\"events\":1,\"callbackStatus\":null}"

2026-09-28T13:46:42Z [SIMULATION] Execution finished signal received
2026-09-28T13:46:42Z [SIMULATION] Skipping WorkflowEngineV2

╭──────────────────────────────────────────────────────╮
│ Simulation complete! Ready to deploy your workflow?  │
│                                                      │
│ Run cre account access to request deployment access. │
╰──────────────────────────────────────────────────────╯
